   Γû▓ Next.js 15.5.12

   Creating an optimized production build ...
 Γ£ô Compiled successfully in 4.9s
   Linting and checking validity of types ...
node.exe : 
At line:1 char:1
+ & "C:\Program Files\nodejs/node.exe" "C:\Program Files\nodejs/node_mo ...
+ ~~~~~~~~~~~~~~~~~~~~~~~~~~~~~~~~~~~~~~~~~~~~~~~~~~~~~~~~~~~~~~~~~~~~~
    + CategoryInfo          : NotSpecified: (:String) [], RemoteException
    + FullyQualifiedErrorId : NativeCommandError
 
Failed to compile.

./src/app/admin/contents/page.tsx
7:44  Warning: 'Users' is defined but never used.  @typescript-eslint/no-unused-vars
7:51  Warning: 'TrendingUp' is defined but never used.  @typescript-eslint/no-unused-vars
7:63  Warning: 'BookOpen' is defined but never used.  @typescript-eslint/no-unused-vars
7:73  Warning: 'Star' is defined but never used.  @typescript-eslint/no-unused-vars
35:38  Error: Unexpected any. Specify a different type.  @typescript-eslint/no-explicit-any
82:41  Error: Unexpected any. Specify a different type.  @typescript-eslint/no-explicit-any
96:52  Error: Unexpected any. Specify a different type.  @typescript-eslint/no-explicit-any
320:45  Warning: Using `<img>` could result in slower LCP and higher bandwidth. Consider using `<Image />` 
from `next/image` or a custom image loader to automatically optimize images. This may incur additional usage 
or cost from your provider. See: https://nextjs.org/docs/messages/no-img-element  @next/next/no-img-element

./src/app/admin/dashboard/page.tsx
30:24  Error: Unexpected any. Specify a different type.  @typescript-eslint/no-explicit-any
31:31  Error: Unexpected any. Specify a different type.  @typescript-eslint/no-explicit-any
57:59  Error: `"` can be escaped with `&quot;`, `&ldquo;`, `&#34;`, `&rdquo;`.  react/no-unescaped-entities
57:68  Error: `"` can be escaped with `&quot;`, `&ldquo;`, `&#34;`, `&rdquo;`.  react/no-unescaped-entities
134:33  Warning: 'tenants' is defined but never used.  @typescript-eslint/no-unused-vars
135:13  Error: Unexpected any. Specify a different type.  @typescript-eslint/no-explicit-any
135:27  Error: Unexpected any. Specify a different type.  @typescript-eslint/no-explicit-any
135:68  Error: Unexpected any. Specify a different type.  @typescript-eslint/no-explicit-any
155:23  Error: Unexpected any. Specify a different type.  @typescript-eslint/no-explicit-any
183:49  Error: Unexpected any. Specify a different type.  @typescript-eslint/no-explicit-any
212:39  Error: Unexpected any. Specify a different type.  @typescript-eslint/no-explicit-any
224:23  Error: Unexpected any. Specify a different type.  @typescript-eslint/no-explicit-any
261:13  Error: Unexpected any. Specify a different type.  @typescript-eslint/no-explicit-any
261:28  Error: Unexpected any. Specify a different type.  @typescript-eslint/no-explicit-any
262:26  Error: Unexpected any. Specify a different type.  @typescript-eslint/no-explicit-any
262:58  Error: Unexpected any. Specify a different type.  @typescript-eslint/no-explicit-any
263:22  Error: Unexpected any. Specify a different type.  @typescript-eslint/no-explicit-any
264:24  Error: Unexpected any. Specify a different type.  @typescript-eslint/no-explicit-any
265:26  Error: Unexpected any. Specify a different type.  @typescript-eslint/no-explicit-any
266:14  Error: Unexpected any. Specify a different type.  @typescript-eslint/no-explicit-any
269:46  Error: Unexpected any. Specify a different type.  @typescript-eslint/no-explicit-any
290:23  Error: Unexpected any. Specify a different type.  @typescript-eslint/no-explicit-any
301:23  Error: Unexpected any. Specify a different type.  @typescript-eslint/no-explicit-any
306:52  Error: Unexpected any. Specify a different type.  @typescript-eslint/no-explicit-any
323:23  Error: Unexpected any. Specify a different type.  @typescript-eslint/no-explicit-any
512:38  Error: Unexpected any. Specify a different type.  @typescript-eslint/no-explicit-any
527:43  Error: Unexpected any. Specify a different type.  @typescript-eslint/no-explicit-any
537:86  Error: Unexpected any. Specify a different type.  @typescript-eslint/no-explicit-any
537:132  Error: Unexpected any. Specify a different type.  @typescript-eslint/no-explicit-any
569:4  Error: Unexpected any. Specify a different type.  @typescript-eslint/no-explicit-any
615:52  Error: Unexpected any. Specify a different type.  @typescript-eslint/no-explicit-any
656:47  Error: Unexpected any. Specify a different type.  @typescript-eslint/no-explicit-any
705:91  Error: Unexpected any. Specify a different type.  @typescript-eslint/no-explicit-any
734:44  Error: Unexpected any. Specify a different type.  @typescript-eslint/no-explicit-any
737:46  Error: Unexpected any. Specify a different type.  @typescript-eslint/no-explicit-any
739:44  Error: Unexpected any. Specify a different type.  @typescript-eslint/no-explicit-any
742:58  Error: Unexpected any. Specify a different type.  @typescript-eslint/no-explicit-any
746:88  Error: Unexpected any. Specify a different type.  @typescript-eslint/no-explicit-any
752:69  Error: Unexpected any. Specify a different type.  @typescript-eslint/no-explicit-any
752:88  Error: Unexpected any. Specify a different type.  @typescript-eslint/no-explicit-any
752:101  Error: Unexpected any. Specify a different type.  @typescript-eslint/no-explicit-any
752:115  Error: Unexpected any. Specify a different type.  @typescript-eslint/no-explicit-any
779:56  Error: Unexpected any. Specify a different type.  @typescript-eslint/no-explicit-any
785:62  Error: Unexpected any. Specify a different type.  @typescript-eslint/no-explicit-any
928:48  Error: Unexpected any. Specify a different type.  @typescript-eslint/no-explicit-any
933:74  Warning: '_' is defined but never used.  @typescript-eslint/no-unused-vars
956:23  Error: Unexpected any. Specify a different type.  @typescript-eslint/no-explicit-any
962:33  Error: Unexpected any. Specify a different type.  @typescript-eslint/no-explicit-any
969:45  Error: Unexpected any. Specify a different type.  @typescript-eslint/no-explicit-any
975:36  Error: Unexpected any. Specify a different type.  @typescript-eslint/no-explicit-any
982:49  Error: Unexpected any. Specify a different type.  @typescript-eslint/no-explicit-any
987:34  Error: Unexpected any. Specify a different type.  @typescript-eslint/no-explicit-any
1023:80  Warning: '_' is defined but never used.  @typescript-eslint/no-unused-vars
1028:117  Error: `"` can be escaped with `&quot;`, `&ldquo;`, `&#34;`, `&rdquo;`.  react/no-unescaped-entities
1028:131  Error: `"` can be escaped with `&quot;`, `&ldquo;`, `&#34;`, `&rdquo;`.  react/no-unescaped-entities
1037:156  Warning: 'item' is defined but never used.  @typescript-eslint/no-unused-vars
1041:148  Warning: 'item' is defined but never used.  @typescript-eslint/no-unused-vars
1045:156  Warning: 'item' is defined but never used.  @typescript-eslint/no-unused-vars
1086:91  Error: Unexpected any. Specify a different type.  @typescript-eslint/no-explicit-any
1340:45  Error: Unexpected any. Specify a different type.  @typescript-eslint/no-explicit-any
1342:40  Error: Unexpected any. Specify a different type.  @typescript-eslint/no-explicit-any
1359:74  Warning: '_' is defined but never used.  @typescript-eslint/no-unused-vars
1414:92  Error: Unexpected any. Specify a different type.  @typescript-eslint/no-explicit-any
1455:62  Error: Unexpected any. Specify a different type.  @typescript-eslint/no-explicit-any
1521:40  Error: Unexpected any. Specify a different type.  @typescript-eslint/no-explicit-any
1522:38  Error: Unexpected any. Specify a different type.  @typescript-eslint/no-explicit-any
1581:47  Error: Unexpected any. Specify a different type.  @typescript-eslint/no-explicit-any
1613:40  Error: Unexpected any. Specify a different type.  @typescript-eslint/no-explicit-any
1614:38  Error: Unexpected any. Specify a different type.  @typescript-eslint/no-explicit-any
1671:47  Error: Unexpected any. Specify a different type.  @typescript-eslint/no-explicit-any
1699:28  Warning: 'user' is defined but never used.  @typescript-eslint/no-unused-vars
1699:44  Error: Unexpected any. Specify a different type.  @typescript-eslint/no-explicit-any
1700:38  Error: Unexpected any. Specify a different type.  @typescript-eslint/no-explicit-any
1701:38  Error: Unexpected any. Specify a different type.  @typescript-eslint/no-explicit-any
1734:43  Error: Unexpected any. Specify a different type.  @typescript-eslint/no-explicit-any
1759:50  Error: Unexpected any. Specify a different type.  @typescript-eslint/no-explicit-any
1760:50  Error: Unexpected any. Specify a different type.  @typescript-eslint/no-explicit-any
1761:38  Error: Unexpected any. Specify a different type.  @typescript-eslint/no-explicit-any
1849:52  Error: Unexpected any. Specify a different type.  @typescript-eslint/no-explicit-any
1888:49  Error: Unexpected any. Specify a different type.  @typescript-eslint/no-explicit-any
1889:38  Error: Unexpected any. Specify a different type.  @typescript-eslint/no-explicit-any
1890:38  Error: Unexpected any. Specify a different type.  @typescript-eslint/no-explicit-any
1950:47  Error: Unexpected any. Specify a different type.  @typescript-eslint/no-explicit-any
1984:57  Error: Unexpected any. Specify a different type.  @typescript-eslint/no-explicit-any
1985:38  Error: Unexpected any. Specify a different type.  @typescript-eslint/no-explicit-any
2064:49  Error: Unexpected any. Specify a different type.  @typescript-eslint/no-explicit-any
2105:55  Error: Unexpected any. Specify a different type.  @typescript-eslint/no-explicit-any
2106:50  Error: Unexpected any. Specify a different type.  @typescript-eslint/no-explicit-any
2107:38  Error: Unexpected any. Specify a different type.  @typescript-eslint/no-explicit-any
2135:18  Warning: 'err' is defined but never used.  @typescript-eslint/no-unused-vars
2223:52  Error: Unexpected any. Specify a different type.  @typescript-eslint/no-explicit-any
2284:55  Error: Unexpected any. Specify a different type.  @typescript-eslint/no-explicit-any
2285:50  Error: Unexpected any. Specify a different type.  @typescript-eslint/no-explicit-any
2334:54  Error: Unexpected any. Specify a different type.  @typescript-eslint/no-explicit-any
2367:38  Error: Unexpected any. Specify a different type.  @typescript-eslint/no-explicit-any
2374:11  Warning: 'maxDays' is assigned a value but never used.  @typescript-eslint/no-unused-vars
2374:58  Error: Unexpected any. Specify a different type.  @typescript-eslint/no-explicit-any
2375:59  Error: Unexpected any. Specify a different type.  @typescript-eslint/no-explicit-any
2420:49  Error: Unexpected any. Specify a different type.  @typescript-eslint/no-explicit-any
2451:51  Error: Unexpected any. Specify a different type.  @typescript-eslint/no-explicit-any
2452:42  Error: Unexpected any. Specify a different type.  @typescript-eslint/no-explicit-any
2549:71  Error: Unexpected any. Specify a different type.  @typescript-eslint/no-explicit-any
2564:23  Error: Unexpected any. Specify a different type.  @typescript-eslint/no-explicit-any

./src/app/admin/settings/page.tsx
11:38  Error: Unexpected any. Specify a different type.  @typescript-eslint/no-explicit-any
15:40  Error: Unexpected any. Specify a different type.  @typescript-eslint/no-explicit-any
16:42  Error: Unexpected any. Specify a different type.  @typescript-eslint/no-explicit-any
46:74  Warning: '_' is defined but never used.  @typescript-eslint/no-unused-vars
96:23  Error: Unexpected any. Specify a different type.  @typescript-eslint/no-explicit-any
114:31  Error: Unexpected any. Specify a different type.  @typescript-eslint/no-explicit-any
134:31  Error: Unexpected any. Specify a different type.  @typescript-eslint/no-explicit-any
154:23  Error: Unexpected any. Specify a different type.  @typescript-eslint/no-explicit-any
349:64  Error: `'` can be escaped with `&apos;`, `&lsquo;`, `&#39;`, `&rsquo;`.  react/no-unescaped-entities

./src/app/careers/page.tsx
3:31  Warning: 'useRef' is defined but never used.  @typescript-eslint/no-unused-vars
6:8  Warning: 'Link' is defined but never used.  @typescript-eslint/no-unused-vars
56:57  Error: Unexpected any. Specify a different type.  @typescript-eslint/no-explicit-any
87:40  Error: Unexpected any. Specify a different type.  @typescript-eslint/no-explicit-any
89:28  Error: Unexpected any. Specify a different type.  @typescript-eslint/no-explicit-any
91:42  Error: Unexpected any. Specify a different type.  @typescript-eslint/no-explicit-any
114:28  Error: Unexpected any. Specify a different type.  @typescript-eslint/no-explicit-any
212:27  Error: `'` can be escaped with `&apos;`, `&lsquo;`, `&#39;`, `&rsquo;`.  react/no-unescaped-entities
292:49  Warning: Using `<img>` could result in slower LCP and higher bandwidth. Consider using `<Image />` 
from `next/image` or a custom image loader to automatically optimize images. This may incur additional usage 
or cost from your provider. See: https://nextjs.org/docs/messages/no-img-element  @next/next/no-img-element
292:49  Warning: img elements must have an alt prop, either with meaningful text, or an empty string for 
decorative images.  jsx-a11y/alt-text
344:65  Warning: Using `<img>` could result in slower LCP and higher bandwidth. Consider using `<Image />` 
from `next/image` or a custom image loader to automatically optimize images. This may incur additional usage 
or cost from your provider. See: https://nextjs.org/docs/messages/no-img-element  @next/next/no-img-element
430:96  Error: `'` can be escaped with `&apos;`, `&lsquo;`, `&#39;`, `&rsquo;`.  react/no-unescaped-entities
460:33  Warning: Using `<img>` could result in slower LCP and higher bandwidth. Consider using `<Image />` 
from `next/image` or a custom image loader to automatically optimize images. This may incur additional usage 
or cost from your provider. See: https://nextjs.org/docs/messages/no-img-element  @next/next/no-img-element
460:33  Warning: img elements must have an alt prop, either with meaningful text, or an empty string for 
decorative images.  jsx-a11y/alt-text

./src/app/dashboard/DeptManagerDashboard.tsx
33:77  Warning: 'onLogout' is defined but never used.  @typescript-eslint/no-unused-vars
33:97  Error: Unexpected any. Specify a different type.  @typescript-eslint/no-explicit-any
41:38  Error: Unexpected any. Specify a different type.  @typescript-eslint/no-explicit-any
42:46  Error: Unexpected any. Specify a different type.  @typescript-eslint/no-explicit-any
43:46  Error: Unexpected any. Specify a different type.  @typescript-eslint/no-explicit-any
56:8  Warning: React Hook useEffect has a missing dependency: 'fetchData'. Either include it or remove the 
dependency array.  react-hooks/exhaustive-deps
91:57  Warning: React Hook useEffect has a missing dependency: 'fetchData'. Either include it or remove the 
dependency array.  react-hooks/exhaustive-deps
204:56  Error: Unexpected any. Specify a different type.  @typescript-eslint/no-explicit-any
264:64  Error: Unexpected any. Specify a different type.  @typescript-eslint/no-explicit-any
467:134  Error: Unexpected any. Specify a different type.  @typescript-eslint/no-explicit-any

./src/app/dashboard/HRManagerDashboard.tsx
25:75  Warning: 'onLogout' is defined but never used.  @typescript-eslint/no-unused-vars
25:95  Error: Unexpected any. Specify a different type.  @typescript-eslint/no-explicit-any
27:12  Warning: 'reqsMeta' is assigned a value but never used.  @typescript-eslint/no-unused-vars
27:46  Error: Unexpected any. Specify a different type.  @typescript-eslint/no-explicit-any
28:22  Warning: 'setReqsPage' is assigned a value but never used.  @typescript-eslint/no-unused-vars
29:38  Error: Unexpected any. Specify a different type.  @typescript-eslint/no-explicit-any
30:46  Error: Unexpected any. Specify a different type.  @typescript-eslint/no-explicit-any
39:40  Error: Unexpected any. Specify a different type.  @typescript-eslint/no-explicit-any
71:8  Warning: React Hook useEffect has a missing dependency: 'fetchData'. Either include it or remove the 
dependency array.  react-hooks/exhaustive-deps

./src/app/dashboard/page.tsx
22:38  Error: Unexpected any. Specify a different type.  @typescript-eslint/no-explicit-any
37:18  Warning: 'e' is defined but never used.  @typescript-eslint/no-unused-vars
47:18  Warning: '_' is defined but never used.  @typescript-eslint/no-unused-vars

./src/app/dashboard/TADashboard.tsx
8:68  Warning: 'onLogout' is defined but never used.  @typescript-eslint/no-unused-vars
8:88  Error: Unexpected any. Specify a different type.  @typescript-eslint/no-explicit-any
9:38  Error: Unexpected any. Specify a different type.  @typescript-eslint/no-explicit-any
10:54  Error: Unexpected any. Specify a different type.  @typescript-eslint/no-explicit-any
11:50  Error: Unexpected any. Specify a different type.  @typescript-eslint/no-explicit-any
12:70  Error: Unexpected any. Specify a different type.  @typescript-eslint/no-explicit-any
13:58  Error: Unexpected any. Specify a different type.  @typescript-eslint/no-explicit-any
17:40  Error: Unexpected any. Specify a different type.  @typescript-eslint/no-explicit-any
20:48  Error: Unexpected any. Specify a different type.  @typescript-eslint/no-explicit-any
21:48  Error: Unexpected any. Specify a different type.  @typescript-eslint/no-explicit-any
26:12  Warning: 'rejectModal' is assigned a value but never used.  @typescript-eslint/no-unused-vars
30:58  Error: Unexpected any. Specify a different type.  @typescript-eslint/no-explicit-any
41:60  Error: Unexpected any. Specify a different type.  @typescript-eslint/no-explicit-any
49:62  Error: Unexpected any. Specify a different type.  @typescript-eslint/no-explicit-any
51:48  Error: Unexpected any. Specify a different type.  @typescript-eslint/no-explicit-any
52:68  Error: Unexpected any. Specify a different type.  @typescript-eslint/no-explicit-any
144:8  Warning: React Hook useEffect has missing dependencies: 'fetchData' and 'initialTab'. Either include 
them or remove the dependency array.  react-hooks/exhaustive-deps
279:23  Error: Unexpected any. Specify a different type.  @typescript-eslint/no-explicit-any
289:8  Warning: React Hook useEffect has a missing dependency: 'fetchData'. Either include it or remove the 
dependency array.  react-hooks/exhaustive-deps
309:8  Warning: React Hook useEffect has a missing dependency: 'fetchData'. Either include it or remove the 
dependency array.  react-hooks/exhaustive-deps
312:39  Error: Unexpected any. Specify a different type.  @typescript-eslint/no-explicit-any
379:33  Error: Unexpected any. Specify a different type.  @typescript-eslint/no-explicit-any
404:33  Error: Unexpected any. Specify a different type.  @typescript-eslint/no-explicit-any
415:11  Warning: 'handleSendRejection' is assigned a value but never used.  @typescript-eslint/no-unused-vars
423:33  Error: Unexpected any. Specify a different type.  @typescript-eslint/no-explicit-any
496:94  Error: `"` can be escaped with `&quot;`, `&ldquo;`, `&#34;`, `&rdquo;`.  react/no-unescaped-entities
496:103  Error: `"` can be escaped with `&quot;`, `&ldquo;`, `&#34;`, `&rdquo;`.  react/no-unescaped-entities
671:48  Error: Unexpected any. Specify a different type.  @typescript-eslint/no-explicit-any
803:57  Error: Unexpected any. Specify a different type.  @typescript-eslint/no-explicit-any
817:69  Error: Unexpected any. Specify a different type.  @typescript-eslint/no-explicit-any
856:58  Error: Unexpected any. Specify a different type.  @typescript-eslint/no-explicit-any
867:65  Warning: Using `<img>` could result in slower LCP and higher bandwidth. Consider using `<Image />` 
from `next/image` or a custom image loader to automatically optimize images. This may incur additional usage 
or cost from your provider. See: https://nextjs.org/docs/messages/no-img-element  @next/next/no-img-element
1027:56  Error: Unexpected any. Specify a different type.  @typescript-eslint/no-explicit-any
1127:68  Error: Unexpected any. Specify a different type.  @typescript-eslint/no-explicit-any
1471:116  Error: Unexpected any. Specify a different type.  @typescript-eslint/no-explicit-any
1582:78  Error: Unexpected any. Specify a different type.  @typescript-eslint/no-explicit-any
1804:100  Error: Unexpected any. Specify a different type.  @typescript-eslint/no-explicit-any
1863:84  Error: Unexpected any. Specify a different type.  @typescript-eslint/no-explicit-any
1961:41  Error: `"` can be escaped with `&quot;`, `&ldquo;`, `&#34;`, `&rdquo;`.  react/no-unescaped-entities
1961:104  Error: `"` can be escaped with `&quot;`, `&ldquo;`, `&#34;`, `&rdquo;`.  react/no-unescaped-entities
2128:49  Warning: Using `<img>` could result in slower LCP and higher bandwidth. Consider using `<Image />` 
from `next/image` or a custom image loader to automatically optimize images. This may incur additional usage 
or cost from your provider. See: https://nextjs.org/docs/messages/no-img-element  @next/next/no-img-element
2267:80  Error: Unexpected any. Specify a different type.  @typescript-eslint/no-explicit-any

./src/app/login/page.tsx
40:23  Error: Unexpected any. Specify a different type.  @typescript-eslint/no-explicit-any
109:28  Error: `'` can be escaped with `&apos;`, `&lsquo;`, `&#39;`, `&rsquo;`.  react/no-unescaped-entities

./src/app/page.tsx
15:46  Error: Unexpected any. Specify a different type.  @typescript-eslint/no-explicit-any

./src/components/admin/AdminSidebar.tsx
7:22  Warning: 'FileText' is defined but never used.  @typescript-eslint/no-unused-vars
8:37  Warning: 'HelpCircle' is defined but never used.  @typescript-eslint/no-unused-vars
9:14  Warning: 'ImageIcon' is defined but never used.  @typescript-eslint/no-unused-vars
10:27  Warning: 'LogOut' is defined but never used.  @typescript-eslint/no-unused-vars
14:11  Error: Unexpected any. Specify a different type.  @typescript-eslint/no-explicit-any
15:15  Error: Unexpected any. Specify a different type.  @typescript-eslint/no-explicit-any
18:11  Warning: 'NavItem' is defined but never used.  @typescript-eslint/no-unused-vars
35:43  Error: Unexpected any. Specify a different type.  @typescript-eslint/no-explicit-any
158:55  Error: Unexpected any. Specify a different type.  @typescript-eslint/no-explicit-any

./src/components/Culture.tsx
14:60  Error: Unexpected any. Specify a different type.  @typescript-eslint/no-explicit-any
62:58  Error: Unexpected any. Specify a different type.  @typescript-eslint/no-explicit-any

./src/components/Events.tsx
8:42  Error: Unexpected any. Specify a different type.  @typescript-eslint/no-explicit-any
46:37  Warning: Using `<img>` could result in slower LCP and higher bandwidth. Consider using `<Image />` 
from `next/image` or a custom image loader to automatically optimize images. This may incur additional usage 
or cost from your provider. See: https://nextjs.org/docs/messages/no-img-element  @next/next/no-img-element

./src/components/Features.tsx
46:7  Warning: 'cardVariants' is assigned a value but never used.  @typescript-eslint/no-unused-vars

./src/components/Header.tsx
9:38  Error: Unexpected any. Specify a different type.  @typescript-eslint/no-explicit-any

./src/components/Hero.tsx
7:82  Error: Unexpected any. Specify a different type.  @typescript-eslint/no-explicit-any
42:8  Warning: React Hook useEffect has a missing dependency: 'searchInput'. Either include it or remove the 
dependency array.  react-hooks/exhaustive-deps
69:43  Error: Unexpected any. Specify a different type.  @typescript-eslint/no-explicit-any

./src/components/Impact.tsx
5:34  Warning: 'settings' is defined but never used.  @typescript-eslint/no-unused-vars
5:59  Error: Unexpected any. Specify a different type.  @typescript-eslint/no-explicit-any

./src/components/JobBoard.tsx
10:89  Error: Unexpected any. Specify a different type.  @typescript-eslint/no-explicit-any
14:38  Error: Unexpected any. Specify a different type.  @typescript-eslint/no-explicit-any
15:38  Error: Unexpected any. Specify a different type.  @typescript-eslint/no-explicit-any
60:11  Warning: 'filteredJobs' is assigned a value but never used.  @typescript-eslint/no-unused-vars
131:41  Error: `'` can be escaped with `&apos;`, `&lsquo;`, `&#39;`, `&rsquo;`.  react/no-unescaped-entities
131:100  Error: `'` can be escaped with `&apos;`, `&lsquo;`, `&#39;`, `&rsquo;`.  react/no-unescaped-entities
133:92  Error: `'` can be escaped with `&apos;`, `&lsquo;`, `&#39;`, `&rsquo;`.  react/no-unescaped-entities

./src/components/Navbar.tsx
11:13  Error: Unexpected any. Specify a different type.  @typescript-eslint/no-explicit-any
60:56  Error: Unexpected any. Specify a different type.  @typescript-eslint/no-explicit-any
76:55  Error: Unexpected any. Specify a different type.  @typescript-eslint/no-explicit-any
150:40  Error: Unexpected any. Specify a different type.  @typescript-eslint/no-explicit-any

./src/lib/api.ts
31:14  Warning: 'networkError' is defined but never used.  @typescript-eslint/no-unused-vars
55:26  Error: Unexpected any. Specify a different type.  @typescript-eslint/no-explicit-any

info  - Need to disable some ESLint rules? Learn more here: 
https://nextjs.org/docs/app/api-reference/config/eslint#disabling-rules
